[dotenv@17.3.1] injecting env (5) from .env -- tip: ≡ƒöÉ prevent committing .env to code: https://dotenvx.com/precommit
Using Key: AIzaSyAl30qlvAkgDPPoXYXgSfOaW0mcJJ-eyUI
node : Gemini Test Error: 
[GoogleGenerativeAI Error]: 
Error fetching from https://ge
nerativelanguage.googleapis.co
m/v1beta/models/gemini-1.5-fla
sh:generateContent: [404 Not 
Found] 
models/gemini-1.5-flash is 
not found for API version 
v1beta, or is not supported 
for generateContent. Call 
ListModels to see the list of 
available models and their 
supported methods.
At line:1 char:1
+ node test_gemini.js > 
test_output.txt 2>&1
+ ~~~~~~~~~~~~~~~~~~~~~~~~~~~~
~~~~~~~~~~~~~~
    + CategoryInfo          : 
    NotSpecified: (Gemini Te  
  st Err...ported methods.:   
 String) [], RemoteExcepti    
on
    + FullyQualifiedErrorId : 
    NativeCommandError
 
